<?xml version="1.0" encoding="utf-8"?><testsuites><testsuite name="pytest" errors="0" failures="0" skipped="0" tests="4" time="0.658" timestamp="2026-03-27T11:46:45.886387" hostname="modrix"><testcase classname="tests.integration.test_health.TestHealth" name="test_health_ok" time="0.245" /><testcase classname="tests.integration.test_health.TestHealth" name="test_root_accessible" time="0.004" /><testcase classname="tests.integration.test_health.TestHealth" name="test_docs_swagger_accessible" time="0.011" /><testcase classname="tests.integration.test_health.TestHealth" name="test_openapi_json_accessible" time="0.048" /></testsuite></testsuites>